// Jest Snapshot v1, https://goo.gl/fbAQLP

exports[`generateSourceCodeJavascript should generate a script tag with prop injection and event handlers 1`] = `
"<script>
  const element = document.querySelector("my-component");
  element.testArray = [1, 2, 3];
  element.testObject = { foo: "bar" };
  element.testFunction = () => {
    // Implementation
  };
  element.addEventListener("testEvent", (event) => {
    // Handle event
    console.log(event.type);
  });
</script>
"
`;
