// Jest Snapshot v1, https://goo.gl/fbAQLP

exports[`formatHtml converts string to camel case correctly 1`] = `
"<div class=\\"my-container\\" data-id=\\"test-id\\" data-name=\\"test-name\\">
  <span>test content</span>
</div>
"
`;
